// Jest Snapshot v1, https://goo.gl/fbAQLP

exports[`University Page card renders correctly 1`] = `
<div
  class="bg-light-primary/5 dark:bg-dark-primary/5 from-30% bg-gradient-to-tl from-light-secondary/30 dark:from-dark-secondary/5 to-light-secondary/5 dark:to-dark-secondary/30 rounded-xl shadow border border-light-text/15 dark:border-dark-text/15 text-light-text/80 dark:text-dark-text/80 tabular-nums overflow-hidden relative text-center flex flex-col justify-between items-center gap-2 px-10 md:px-14 pt-4 pb-6"
  data-testid="uniCard"
>
  <span
    class="absolute inset-x-0 bottom-0 h-2 bg-gradient-to-r to-light-primary from-light-secondary dark:to-dark-primary dark:from-dark-secondary"
  />
  <span
    class="text-sm"
  >
    2024. 09. 08.
  </span>
  <div
    class="flex flex-col justify-center items-center gap-1 pb-4 text-light-text dark:text-dark-text"
  >
    <span
      class="text-5xl"
      data-testid="weekEmoji"
    >
      üèñÔ∏è
    </span>
    <span
      class="text-4xl font-semibold leading-none"
      data-testid="weekTitle"
    >
      Break
    </span>
    <span
      data-testid="weekType"
    >
      Enjoy!
    </span>
  </div>
  <div
    class="flex flex-col justify-center items-center gap-4 border-t border-t-light-text/20 dark:border-t-dark-text/20 pt-4"
  >
    <span
      class="inline-flex flex-col justify-center items-center"
    >
      <span
        class="text-sm"
      >
        Study period
      </span>
      <span
        class="inline-flex flex-row gap-1 justify-center items-center"
      >
        2024. 09. 09.
        <span>
          -
        </span>
        2024. 12. 15.
      </span>
    </span>
    <span
      class="inline-flex flex-col justify-center items-center gap-x-1"
    >
      <span
        class="text-sm"
      >
        Exam period
      </span>
      <span
        class="inline-flex flex-row gap-1 justify-center items-center"
      >
        2024. 12. 16.
        <span>
          -
        </span>
        2025. 02. 08.
      </span>
    </span>
  </div>
</div>
`;
